

Sun Dec 27 16:29:27 2020
Command line: TestDisk

TestDisk 7.1, Data Recovery Utility, July 2019
Christophe GRENIER <grenier@cgsecurity.org>
https://www.cgsecurity.org
OS: Linux, kernel 4.19.128-microsoft-standard (#1 SMP Tue Jun 23 12:58:10 UTC 2020) x86_64
Compiler: GCC 9.2
ext2fs lib: 1.45.5, ntfs lib: libntfs-3g, reiserfs lib: none, ewf lib: none, curses lib: ncurses 6.1
User is not root!
Hard disk list


TestDisk exited normally.
Using locale 'C.UTF-8'.


Sun Dec 27 16:29:27 2020
Command line: TestDisk /debug

TestDisk 7.1, Data Recovery Utility, July 2019
Christophe GRENIER <grenier@cgsecurity.org>
https://www.cgsecurity.org
OS: Linux, kernel 4.19.128-microsoft-standard (#1 SMP Tue Jun 23 12:58:10 UTC 2020) x86_64
Compiler: GCC 9.2
ext2fs lib: 1.45.5, ntfs lib: libntfs-3g, reiserfs lib: none, ewf lib: none, curses lib: ncurses 6.1
Warning: can't get size for Disk /dev/mapper/control - 0 B - 0 sectors, sector size=512
Warning: can't get size for Disk /dev/loop0 - 0 B - 0 sectors, sector size=512
Warning: can't get size for Disk /dev/loop1 - 0 B - 0 sectors, sector size=512
Warning: can't get size for Disk /dev/loop2 - 0 B - 0 sectors, sector size=512
Warning: can't get size for Disk /dev/loop3 - 0 B - 0 sectors, sector size=512
Warning: can't get size for Disk /dev/loop4 - 0 B - 0 sectors, sector size=512
Warning: can't get size for Disk /dev/loop5 - 0 B - 0 sectors, sector size=512
Warning: can't get size for Disk /dev/loop6 - 0 B - 0 sectors, sector size=512
Warning: can't get size for Disk /dev/loop7 - 0 B - 0 sectors, sector size=512
Hard disk list
Disk /dev/sda - 274 GB / 256 GiB - CHS 33418 255 63, sector size=512 - Msft Virtual Disk, FW:1.0
Disk /dev/sdb - 274 GB / 256 GiB - CHS 33418 255 63, sector size=512 - Msft Virtual Disk, FW:1.0

Partition table type (auto): None
Disk /dev/sda - 274 GB / 256 GiB - Msft Virtual Disk
Partition table type: Intel

Interface Advanced
Partition table type (auto): None
Disk /dev/sdb - 274 GB / 256 GiB - Msft Virtual Disk
Partition table type: Intel

Interface Advanced

Analyse Disk /dev/sdb - 274 GB / 256 GiB - CHS 33418 255 63
Current partition structure:

Partition sector doesn't have the endmark 0xAA55

search_part()
Disk /dev/sdb - 274 GB / 256 GiB - CHS 33418 255 63

block_group_nr 1

recover_EXT2: "e2fsck -b 32768 -B 4096 device" may be needed
recover_EXT2: s_block_group_nr=1/2048, s_mnt_count=0/4294967295, s_blocks_per_group=32768, s_inodes_per_group=8192
recover_EXT2: s_blocksize=4096
recover_EXT2: s_blocks_count 67108864
recover_EXT2: part_size 536870912
Filesystem created: Wed Apr 10 18:35:05 2019
     Linux                    0   0  1 33418 170 32  536870912
     ext4 blocksize=4096 Large_file Sparse_SB Backup_SB, 274 GB / 256 GiB
Partition not added.

block_group_nr 3

recover_EXT2: "e2fsck -b 98304 -B 4096 device" may be needed
recover_EXT2: s_block_group_nr=3/2048, s_mnt_count=0/4294967295, s_blocks_per_group=32768, s_inodes_per_group=8192
recover_EXT2: s_blocksize=4096
recover_EXT2: s_blocks_count 67108864
recover_EXT2: part_size 536870912
Filesystem created: Wed Apr 10 18:35:05 2019
     Linux                    0   0  1 33418 170 32  536870912
     ext4 blocksize=4096 Large_file Sparse_SB Backup_SB, 274 GB / 256 GiB
Partition not added.

block_group_nr 5

recover_EXT2: "e2fsck -b 163840 -B 4096 device" may be needed
recover_EXT2: s_block_group_nr=5/2048, s_mnt_count=0/4294967295, s_blocks_per_group=32768, s_inodes_per_group=8192
recover_EXT2: s_blocksize=4096
recover_EXT2: s_blocks_count 67108864
recover_EXT2: part_size 536870912
Filesystem created: Wed Apr 10 18:35:05 2019
     Linux                    0   0  1 33418 170 32  536870912
     ext4 blocksize=4096 Large_file Sparse_SB Backup_SB, 274 GB / 256 GiB
Partition not added.

block_group_nr 7

recover_EXT2: "e2fsck -b 229376 -B 4096 device" may be needed
recover_EXT2: s_block_group_nr=7/2048, s_mnt_count=0/4294967295, s_blocks_per_group=32768, s_inodes_per_group=8192
recover_EXT2: s_blocksize=4096
recover_EXT2: s_blocks_count 67108864
recover_EXT2: part_size 536870912
Filesystem created: Wed Apr 10 18:35:05 2019
     Linux                    0   0  1 33418 170 32  536870912
     ext4 blocksize=4096 Large_file Sparse_SB Backup_SB, 274 GB / 256 GiB
Partition not added.

block_group_nr 9

recover_EXT2: "e2fsck -b 294912 -B 4096 device" may be needed
recover_EXT2: s_block_group_nr=9/2048, s_mnt_count=0/4294967295, s_blocks_per_group=32768, s_inodes_per_group=8192
recover_EXT2: s_blocksize=4096
recover_EXT2: s_blocks_count 67108864
recover_EXT2: part_size 536870912
Filesystem created: Wed Apr 10 18:35:05 2019
     Linux                    0   0  1 33418 170 32  536870912
     ext4 blocksize=4096 Large_file Sparse_SB Backup_SB, 274 GB / 256 GiB
Partition not added.

block_group_nr 25

recover_EXT2: "e2fsck -b 819200 -B 4096 device" may be needed
recover_EXT2: s_block_group_nr=25/2048, s_mnt_count=0/4294967295, s_blocks_per_group=32768, s_inodes_per_group=8192
recover_EXT2: s_blocksize=4096
recover_EXT2: s_blocks_count 67108864
recover_EXT2: part_size 536870912
Filesystem created: Wed Apr 10 18:35:05 2019
     Linux                    0   0  1 33418 170 32  536870912
     ext4 blocksize=4096 Large_file Sparse_SB Backup_SB, 274 GB / 256 GiB
Partition not added.

block_group_nr 27

recover_EXT2: "e2fsck -b 884736 -B 4096 device" may be needed
recover_EXT2: s_block_group_nr=27/2048, s_mnt_count=0/4294967295, s_blocks_per_group=32768, s_inodes_per_group=8192
recover_EXT2: s_blocksize=4096
recover_EXT2: s_blocks_count 67108864
recover_EXT2: part_size 536870912
Filesystem created: Wed Apr 10 18:35:05 2019
     Linux                    0   0  1 33418 170 32  536870912
     ext4 blocksize=4096 Large_file Sparse_SB Backup_SB, 274 GB / 256 GiB
Partition not added.

block_group_nr 49

recover_EXT2: "e2fsck -b 1605632 -B 4096 device" may be needed
recover_EXT2: s_block_group_nr=49/2048, s_mnt_count=0/4294967295, s_blocks_per_group=32768, s_inodes_per_group=8192
recover_EXT2: s_blocksize=4096
recover_EXT2: s_blocks_count 67108864
recover_EXT2: part_size 536870912
Filesystem created: Wed Apr 10 18:35:05 2019
     Linux                    0   0  1 33418 170 32  536870912
     ext4 blocksize=4096 Large_file Sparse_SB Backup_SB, 274 GB / 256 GiB
Partition not added.

block_group_nr 81

recover_EXT2: "e2fsck -b 2654208 -B 4096 device" may be needed
recover_EXT2: s_block_group_nr=81/2048, s_mnt_count=0/4294967295, s_blocks_per_group=32768, s_inodes_per_group=8192
recover_EXT2: s_blocksize=4096
recover_EXT2: s_blocks_count 67108864
recover_EXT2: part_size 536870912
Filesystem created: Wed Apr 10 18:35:05 2019
     Linux                    0   0  1 33418 170 32  536870912
     ext4 blocksize=4096 Large_file Sparse_SB Backup_SB, 274 GB / 256 GiB
Partition not added.

block_group_nr 125

recover_EXT2: "e2fsck -b 4096000 -B 4096 device" may be needed
recover_EXT2: s_block_group_nr=125/2048, s_mnt_count=0/4294967295, s_blocks_per_group=32768, s_inodes_per_group=8192
recover_EXT2: s_blocksize=4096
recover_EXT2: s_blocks_count 67108864
recover_EXT2: part_size 536870912
Filesystem created: Wed Apr 10 18:35:05 2019
     Linux                    0   0  1 33418 170 32  536870912
     ext4 blocksize=4096 Large_file Sparse_SB Backup_SB, 274 GB / 256 GiB
Partition not added.

block_group_nr 243

recover_EXT2: "e2fsck -b 7962624 -B 4096 device" may be needed
recover_EXT2: s_block_group_nr=243/2048, s_mnt_count=0/4294967295, s_blocks_per_group=32768, s_inodes_per_group=8192
recover_EXT2: s_blocksize=4096
recover_EXT2: s_blocks_count 67108864
recover_EXT2: part_size 536870912
Filesystem created: Wed Apr 10 18:35:05 2019
     Linux                    0   0  1 33418 170 32  536870912
     ext4 blocksize=4096 Large_file Sparse_SB Backup_SB, 274 GB / 256 GiB
Partition not added.

block_group_nr 343

recover_EXT2: "e2fsck -b 11239424 -B 4096 device" may be needed
recover_EXT2: s_block_group_nr=343/2048, s_mnt_count=0/4294967295, s_blocks_per_group=32768, s_inodes_per_group=8192
recover_EXT2: s_blocksize=4096
recover_EXT2: s_blocks_count 67108864
recover_EXT2: part_size 536870912
Filesystem created: Wed Apr 10 18:35:05 2019
     Linux                    0   0  1 33418 170 32  536870912
     ext4 blocksize=4096 Large_file Sparse_SB Backup_SB, 274 GB / 256 GiB
Partition not added.

block_group_nr 625

recover_EXT2: "e2fsck -b 20480000 -B 4096 device" may be needed
recover_EXT2: s_block_group_nr=625/2048, s_mnt_count=0/4294967295, s_blocks_per_group=32768, s_inodes_per_group=8192
recover_EXT2: s_blocksize=4096
recover_EXT2: s_blocks_count 67108864
recover_EXT2: part_size 536870912
Filesystem created: Wed Apr 10 18:35:05 2019
     Linux                    0   0  1 33418 170 32  536870912
     ext4 blocksize=4096 Large_file Sparse_SB Backup_SB, 274 GB / 256 GiB
Partition not added.

block_group_nr 729

recover_EXT2: "e2fsck -b 23887872 -B 4096 device" may be needed
recover_EXT2: s_block_group_nr=729/2048, s_mnt_count=0/4294967295, s_blocks_per_group=32768, s_inodes_per_group=8192
recover_EXT2: s_blocksize=4096
recover_EXT2: s_blocks_count 67108864
recover_EXT2: part_size 536870912
Filesystem created: Wed Apr 10 18:35:05 2019
     Linux                    0   0  1 33418 170 32  536870912
     ext4 blocksize=4096 Large_file Sparse_SB Backup_SB, 274 GB / 256 GiB
Partition not added.
Search for partition aborted

Results

interface_write()
 
No partition found or selected for recovery
simulate write!

write_mbr_i386: starting...
Store new MBR code
write_all_log_i386: starting...
No extended partition
Partition table type (auto): None
Disk /dev/sda - 274 GB / 256 GiB - Msft Virtual Disk
Partition table type: None

Interface Advanced

recover_EXT2: s_block_group_nr=0/2048, s_mnt_count=1/4294967295, s_blocks_per_group=32768, s_inodes_per_group=8192
recover_EXT2: s_blocksize=4096
recover_EXT2: s_blocks_count 67108864
recover_EXT2: part_size 536870912
Filesystem created: Wed Apr 10 18:35:05 2019
Last mount time:    Sun Dec 27 14:02:21 2020
   P ext4                     0   0  1 33418 170 32  536870912
     ext4 blocksize=4096 Large_file Sparse_SB Recover, 274 GB / 256 GiB
search_superblock

recover_EXT2: s_block_group_nr=0/2048, s_mnt_count=1/4294967295, s_blocks_per_group=32768, s_inodes_per_group=8192
recover_EXT2: s_blocksize=4096
recover_EXT2: s_blocks_count 67108864
recover_EXT2: part_size 536870912
Filesystem created: Wed Apr 10 18:35:05 2019
Last mount time:    Sun Dec 27 14:02:21 2020
Ext2 superblock found at sector 2 (block=0, blocksize=4096)

block_group_nr 1

recover_EXT2: "e2fsck -b 32768 -B 4096 device" may be needed
recover_EXT2: s_block_group_nr=1/2048, s_mnt_count=0/4294967295, s_blocks_per_group=32768, s_inodes_per_group=8192
recover_EXT2: s_blocksize=4096
recover_EXT2: s_blocks_count 67108864
recover_EXT2: part_size 536870912
Filesystem created: Wed Apr 10 18:35:05 2019
Ext2 superblock found at sector 262144 (block=32768, blocksize=4096)

block_group_nr 3

recover_EXT2: "e2fsck -b 98304 -B 4096 device" may be needed
recover_EXT2: s_block_group_nr=3/2048, s_mnt_count=0/4294967295, s_blocks_per_group=32768, s_inodes_per_group=8192
recover_EXT2: s_blocksize=4096
recover_EXT2: s_blocks_count 67108864
recover_EXT2: part_size 536870912
Filesystem created: Wed Apr 10 18:35:05 2019
Ext2 superblock found at sector 786432 (block=98304, blocksize=4096)

block_group_nr 5

recover_EXT2: "e2fsck -b 163840 -B 4096 device" may be needed
recover_EXT2: s_block_group_nr=5/2048, s_mnt_count=0/4294967295, s_blocks_per_group=32768, s_inodes_per_group=8192
recover_EXT2: s_blocksize=4096
recover_EXT2: s_blocks_count 67108864
recover_EXT2: part_size 536870912
Filesystem created: Wed Apr 10 18:35:05 2019
Ext2 superblock found at sector 1310720 (block=163840, blocksize=4096)

block_group_nr 7

recover_EXT2: "e2fsck -b 229376 -B 4096 device" may be needed
recover_EXT2: s_block_group_nr=7/2048, s_mnt_count=0/4294967295, s_blocks_per_group=32768, s_inodes_per_group=8192
recover_EXT2: s_blocksize=4096
recover_EXT2: s_blocks_count 67108864
recover_EXT2: part_size 536870912
Filesystem created: Wed Apr 10 18:35:05 2019
Ext2 superblock found at sector 1835008 (block=229376, blocksize=4096)

block_group_nr 9

recover_EXT2: "e2fsck -b 294912 -B 4096 device" may be needed
recover_EXT2: s_block_group_nr=9/2048, s_mnt_count=0/4294967295, s_blocks_per_group=32768, s_inodes_per_group=8192
recover_EXT2: s_blocksize=4096
recover_EXT2: s_blocks_count 67108864
recover_EXT2: part_size 536870912
Filesystem created: Wed Apr 10 18:35:05 2019
Ext2 superblock found at sector 2359296 (block=294912, blocksize=4096)

block_group_nr 25

recover_EXT2: "e2fsck -b 819200 -B 4096 device" may be needed
recover_EXT2: s_block_group_nr=25/2048, s_mnt_count=0/4294967295, s_blocks_per_group=32768, s_inodes_per_group=8192
recover_EXT2: s_blocksize=4096
recover_EXT2: s_blocks_count 67108864
recover_EXT2: part_size 536870912
Filesystem created: Wed Apr 10 18:35:05 2019
Ext2 superblock found at sector 6553600 (block=819200, blocksize=4096)

block_group_nr 27

recover_EXT2: "e2fsck -b 884736 -B 4096 device" may be needed
recover_EXT2: s_block_group_nr=27/2048, s_mnt_count=0/4294967295, s_blocks_per_group=32768, s_inodes_per_group=8192
recover_EXT2: s_blocksize=4096
recover_EXT2: s_blocks_count 67108864
recover_EXT2: part_size 536870912
Filesystem created: Wed Apr 10 18:35:05 2019
Ext2 superblock found at sector 7077888 (block=884736, blocksize=4096)

block_group_nr 49

recover_EXT2: "e2fsck -b 1605632 -B 4096 device" may be needed
recover_EXT2: s_block_group_nr=49/2048, s_mnt_count=0/4294967295, s_blocks_per_group=32768, s_inodes_per_group=8192
recover_EXT2: s_blocksize=4096
recover_EXT2: s_blocks_count 67108864
recover_EXT2: part_size 536870912
Filesystem created: Wed Apr 10 18:35:05 2019
Ext2 superblock found at sector 12845056 (block=1605632, blocksize=4096)

block_group_nr 81

recover_EXT2: "e2fsck -b 2654208 -B 4096 device" may be needed
recover_EXT2: s_block_group_nr=81/2048, s_mnt_count=0/4294967295, s_blocks_per_group=32768, s_inodes_per_group=8192
recover_EXT2: s_blocksize=4096
recover_EXT2: s_blocks_count 67108864
recover_EXT2: part_size 536870912
Filesystem created: Wed Apr 10 18:35:05 2019
Ext2 superblock found at sector 21233664 (block=2654208, blocksize=4096)
  ext4                     0   0  1 33418 170 32  536870912
superblock 0, blocksize=4096 []
superblock 32768, blocksize=4096 []
superblock 98304, blocksize=4096 []
superblock 163840, blocksize=4096 []
superblock 229376, blocksize=4096 []
superblock 294912, blocksize=4096 []
superblock 819200, blocksize=4096 []
superblock 884736, blocksize=4096 []
superblock 1605632, blocksize=4096 []
superblock 2654208, blocksize=4096 []

To repair the filesystem using alternate superblock, run
fsck.ext4 -p -b superblock -B blocksize device

Interface Advanced

recover_EXT2: s_block_group_nr=0/2048, s_mnt_count=1/4294967295, s_blocks_per_group=32768, s_inodes_per_group=8192
recover_EXT2: s_blocksize=4096
recover_EXT2: s_blocks_count 67108864
recover_EXT2: part_size 536870912
Filesystem created: Wed Apr 10 18:35:05 2019
Last mount time:    Sun Dec 27 14:02:21 2020
   P ext4                     0   0  1 33418 170 32  536870912
     ext4 blocksize=4096 Large_file Sparse_SB Recover, 274 GB / 256 GiB
search_superblock

recover_EXT2: s_block_group_nr=0/2048, s_mnt_count=1/4294967295, s_blocks_per_group=32768, s_inodes_per_group=8192
recover_EXT2: s_blocksize=4096
recover_EXT2: s_blocks_count 67108864
recover_EXT2: part_size 536870912
Filesystem created: Wed Apr 10 18:35:05 2019
Last mount time:    Sun Dec 27 14:02:21 2020
Ext2 superblock found at sector 2 (block=0, blocksize=4096)

block_group_nr 1

recover_EXT2: "e2fsck -b 32768 -B 4096 device" may be needed
recover_EXT2: s_block_group_nr=1/2048, s_mnt_count=0/4294967295, s_blocks_per_group=32768, s_inodes_per_group=8192
recover_EXT2: s_blocksize=4096
recover_EXT2: s_blocks_count 67108864
recover_EXT2: part_size 536870912
Filesystem created: Wed Apr 10 18:35:05 2019
Ext2 superblock found at sector 262144 (block=32768, blocksize=4096)

block_group_nr 3

recover_EXT2: "e2fsck -b 98304 -B 4096 device" may be needed
recover_EXT2: s_block_group_nr=3/2048, s_mnt_count=0/4294967295, s_blocks_per_group=32768, s_inodes_per_group=8192
recover_EXT2: s_blocksize=4096
recover_EXT2: s_blocks_count 67108864
recover_EXT2: part_size 536870912
Filesystem created: Wed Apr 10 18:35:05 2019
Ext2 superblock found at sector 786432 (block=98304, blocksize=4096)

block_group_nr 5

recover_EXT2: "e2fsck -b 163840 -B 4096 device" may be needed
recover_EXT2: s_block_group_nr=5/2048, s_mnt_count=0/4294967295, s_blocks_per_group=32768, s_inodes_per_group=8192
recover_EXT2: s_blocksize=4096
recover_EXT2: s_blocks_count 67108864
recover_EXT2: part_size 536870912
Filesystem created: Wed Apr 10 18:35:05 2019
Ext2 superblock found at sector 1310720 (block=163840, blocksize=4096)

block_group_nr 7

recover_EXT2: "e2fsck -b 229376 -B 4096 device" may be needed
recover_EXT2: s_block_group_nr=7/2048, s_mnt_count=0/4294967295, s_blocks_per_group=32768, s_inodes_per_group=8192
recover_EXT2: s_blocksize=4096
recover_EXT2: s_blocks_count 67108864
recover_EXT2: part_size 536870912
Filesystem created: Wed Apr 10 18:35:05 2019
Ext2 superblock found at sector 1835008 (block=229376, blocksize=4096)

block_group_nr 9

recover_EXT2: "e2fsck -b 294912 -B 4096 device" may be needed
recover_EXT2: s_block_group_nr=9/2048, s_mnt_count=0/4294967295, s_blocks_per_group=32768, s_inodes_per_group=8192
recover_EXT2: s_blocksize=4096
recover_EXT2: s_blocks_count 67108864
recover_EXT2: part_size 536870912
Filesystem created: Wed Apr 10 18:35:05 2019
Ext2 superblock found at sector 2359296 (block=294912, blocksize=4096)

block_group_nr 25

recover_EXT2: "e2fsck -b 819200 -B 4096 device" may be needed
recover_EXT2: s_block_group_nr=25/2048, s_mnt_count=0/4294967295, s_blocks_per_group=32768, s_inodes_per_group=8192
recover_EXT2: s_blocksize=4096
recover_EXT2: s_blocks_count 67108864
recover_EXT2: part_size 536870912
Filesystem created: Wed Apr 10 18:35:05 2019
Ext2 superblock found at sector 6553600 (block=819200, blocksize=4096)

block_group_nr 27

recover_EXT2: "e2fsck -b 884736 -B 4096 device" may be needed
recover_EXT2: s_block_group_nr=27/2048, s_mnt_count=0/4294967295, s_blocks_per_group=32768, s_inodes_per_group=8192
recover_EXT2: s_blocksize=4096
recover_EXT2: s_blocks_count 67108864
recover_EXT2: part_size 536870912
Filesystem created: Wed Apr 10 18:35:05 2019
Ext2 superblock found at sector 7077888 (block=884736, blocksize=4096)

block_group_nr 49

recover_EXT2: "e2fsck -b 1605632 -B 4096 device" may be needed
recover_EXT2: s_block_group_nr=49/2048, s_mnt_count=0/4294967295, s_blocks_per_group=32768, s_inodes_per_group=8192
recover_EXT2: s_blocksize=4096
recover_EXT2: s_blocks_count 67108864
recover_EXT2: part_size 536870912
Filesystem created: Wed Apr 10 18:35:05 2019
Ext2 superblock found at sector 12845056 (block=1605632, blocksize=4096)

block_group_nr 81

recover_EXT2: "e2fsck -b 2654208 -B 4096 device" may be needed
recover_EXT2: s_block_group_nr=81/2048, s_mnt_count=0/4294967295, s_blocks_per_group=32768, s_inodes_per_group=8192
recover_EXT2: s_blocksize=4096
recover_EXT2: s_blocks_count 67108864
recover_EXT2: part_size 536870912
Filesystem created: Wed Apr 10 18:35:05 2019
Ext2 superblock found at sector 21233664 (block=2654208, blocksize=4096)
  ext4                     0   0  1 33418 170 32  536870912
superblock 0, blocksize=4096 []
superblock 32768, blocksize=4096 []
superblock 98304, blocksize=4096 []
superblock 163840, blocksize=4096 []
superblock 229376, blocksize=4096 []
superblock 294912, blocksize=4096 []
superblock 819200, blocksize=4096 []
superblock 884736, blocksize=4096 []
superblock 1605632, blocksize=4096 []
superblock 2654208, blocksize=4096 []

To repair the filesystem using alternate superblock, run
fsck.ext4 -p -b superblock -B blocksize device

TestDisk exited normally.


Sun Dec 27 16:36:30 2020
Command line: TestDisk

TestDisk 7.1, Data Recovery Utility, July 2019
Christophe GRENIER <grenier@cgsecurity.org>
https://www.cgsecurity.org
OS: Linux, kernel 4.19.128-microsoft-standard (#1 SMP Tue Jun 23 12:58:10 UTC 2020) x86_64
Compiler: GCC 9.2
ext2fs lib: 1.45.5, ntfs lib: libntfs-3g, reiserfs lib: none, ewf lib: none, curses lib: ncurses 6.1
User is not root!
Hard disk list


TestDisk exited normally.
Using locale 'C.UTF-8'.


Sun Dec 27 16:36:30 2020
Command line: TestDisk /debug

TestDisk 7.1, Data Recovery Utility, July 2019
Christophe GRENIER <grenier@cgsecurity.org>
https://www.cgsecurity.org
OS: Linux, kernel 4.19.128-microsoft-standard (#1 SMP Tue Jun 23 12:58:10 UTC 2020) x86_64
Compiler: GCC 9.2
ext2fs lib: 1.45.5, ntfs lib: libntfs-3g, reiserfs lib: none, ewf lib: none, curses lib: ncurses 6.1
Warning: can't get size for Disk /dev/mapper/control - 0 B - 0 sectors, sector size=512
Warning: can't get size for Disk /dev/loop0 - 0 B - 0 sectors, sector size=512
Warning: can't get size for Disk /dev/loop1 - 0 B - 0 sectors, sector size=512
Warning: can't get size for Disk /dev/loop2 - 0 B - 0 sectors, sector size=512
Warning: can't get size for Disk /dev/loop3 - 0 B - 0 sectors, sector size=512
Warning: can't get size for Disk /dev/loop4 - 0 B - 0 sectors, sector size=512
Warning: can't get size for Disk /dev/loop5 - 0 B - 0 sectors, sector size=512
Warning: can't get size for Disk /dev/loop6 - 0 B - 0 sectors, sector size=512
Warning: can't get size for Disk /dev/loop7 - 0 B - 0 sectors, sector size=512
Hard disk list
Disk /dev/sda - 274 GB / 256 GiB - CHS 33418 255 63, sector size=512 - Msft Virtual Disk, FW:1.0
Disk /dev/sdb - 274 GB / 256 GiB - CHS 33418 255 63, sector size=512 - Msft Virtual Disk, FW:1.0

Partition table type (auto): None
Disk /dev/sda - 274 GB / 256 GiB - Msft Virtual Disk
Partition table type: None

Interface Advanced

recover_EXT2: s_block_group_nr=0/2048, s_mnt_count=1/4294967295, s_blocks_per_group=32768, s_inodes_per_group=8192
recover_EXT2: s_blocksize=4096
recover_EXT2: s_blocks_count 67108864
recover_EXT2: part_size 536870912
Filesystem created: Wed Apr 10 18:35:05 2019
Last mount time:    Sun Dec 27 14:02:21 2020
   P ext4                     0   0  1 33418 170 32  536870912
     ext4 blocksize=4096 Large_file Sparse_SB Recover, 274 GB / 256 GiB


dir_partition inode=2
   P ext4                     0   0  1 33418 170 32  536870912
     ext4 blocksize=4096 Large_file Sparse_SB Recover, 274 GB / 256 GiB
Directory /
       2 drwxr-xr-x     0      0      4096 27-Dec-2020 14:02 .
       2 drwxr-xr-x     0      0      4096 27-Dec-2020 14:02 ..
      11 drwx------     0      0     16384 10-Apr-2019 18:35 lost+found
      12 -rw-------     0      0 4294971392 27-Dec-2020 14:02 file

dir_partition inode=11
   P ext4                     0   0  1 33418 170 32  536870912
     ext4 blocksize=4096 Large_file Sparse_SB Recover, 274 GB / 256 GiB
Directory /lost+found
      11 drwx------     0      0     16384 10-Apr-2019 18:35 .
       2 drwxr-xr-x     0      0      4096 27-Dec-2020 14:02 ..
Directory /
       2 drwxr-xr-x     0      0      4096 27-Dec-2020 14:02 .
       2 drwxr-xr-x     0      0      4096 27-Dec-2020 14:02 ..
      11 drwx------     0      0     16384 10-Apr-2019 18:35 lost+found
      12 -rw-------     0      0 4294971392 27-Dec-2020 14:02 file

dir_partition inode=11
   P ext4                     0   0  1 33418 170 32  536870912
     ext4 blocksize=4096 Large_file Sparse_SB Recover, 274 GB / 256 GiB
Directory /lost+found
      11 drwx------     0      0     16384 10-Apr-2019 18:35 .
       2 drwxr-xr-x     0      0      4096 27-Dec-2020 14:02 ..
Directory /
       2 drwxr-xr-x     0      0      4096 27-Dec-2020 14:02 .
       2 drwxr-xr-x     0      0      4096 27-Dec-2020 14:02 ..
      11 drwx------     0      0     16384 10-Apr-2019 18:35 lost+found
      12 -rw-------     0      0 4294971392 27-Dec-2020 14:02 file

dir_partition inode=11
   P ext4                     0   0  1 33418 170 32  536870912
     ext4 blocksize=4096 Large_file Sparse_SB Recover, 274 GB / 256 GiB
Directory /lost+found
      11 drwx------     0      0     16384 10-Apr-2019 18:35 .
       2 drwxr-xr-x     0      0      4096 27-Dec-2020 14:02 ..
Directory /
       2 drwxr-xr-x     0      0      4096 27-Dec-2020 14:02 .
       2 drwxr-xr-x     0      0      4096 27-Dec-2020 14:02 ..
      11 drwx------     0      0     16384 10-Apr-2019 18:35 lost+found
      12 -rw-------     0      0 4294971392 27-Dec-2020 14:02 file

dir_partition inode=11
   P ext4                     0   0  1 33418 170 32  536870912
     ext4 blocksize=4096 Large_file Sparse_SB Recover, 274 GB / 256 GiB
Directory /lost+found
      11 drwx------     0      0     16384 10-Apr-2019 18:35 .
       2 drwxr-xr-x     0      0      4096 27-Dec-2020 14:02 ..
Directory /lost+found
      11 drwx------     0      0     16384 10-Apr-2019 18:35 .
       2 drwxr-xr-x     0      0      4096 27-Dec-2020 14:02 ..
Directory /lost+found
      11 drwx------     0      0     16384 10-Apr-2019 18:35 .
       2 drwxr-xr-x     0      0      4096 27-Dec-2020 14:02 ..
Directory /lost+found
      11 drwx------     0      0     16384 10-Apr-2019 18:35 .
       2 drwxr-xr-x     0      0      4096 27-Dec-2020 14:02 ..
Directory /lost+found
      11 drwx------     0      0     16384 10-Apr-2019 18:35 .
       2 drwxr-xr-x     0      0      4096 27-Dec-2020 14:02 ..
Directory /
       2 drwxr-xr-x     0      0      4096 27-Dec-2020 14:02 .
       2 drwxr-xr-x     0      0      4096 27-Dec-2020 14:02 ..
      11 drwx------     0      0     16384 10-Apr-2019 18:35 lost+found
      12 -rw-------     0      0 4294971392 27-Dec-2020 14:02 file
search_superblock

recover_EXT2: s_block_group_nr=0/2048, s_mnt_count=1/4294967295, s_blocks_per_group=32768, s_inodes_per_group=8192
recover_EXT2: s_blocksize=4096
recover_EXT2: s_blocks_count 67108864
recover_EXT2: part_size 536870912
Filesystem created: Wed Apr 10 18:35:05 2019
Last mount time:    Sun Dec 27 14:02:21 2020
Ext2 superblock found at sector 2 (block=0, blocksize=4096)

block_group_nr 1

recover_EXT2: "e2fsck -b 32768 -B 4096 device" may be needed
recover_EXT2: s_block_group_nr=1/2048, s_mnt_count=0/4294967295, s_blocks_per_group=32768, s_inodes_per_group=8192
recover_EXT2: s_blocksize=4096
recover_EXT2: s_blocks_count 67108864
recover_EXT2: part_size 536870912
Filesystem created: Wed Apr 10 18:35:05 2019
Ext2 superblock found at sector 262144 (block=32768, blocksize=4096)

block_group_nr 3

recover_EXT2: "e2fsck -b 98304 -B 4096 device" may be needed
recover_EXT2: s_block_group_nr=3/2048, s_mnt_count=0/4294967295, s_blocks_per_group=32768, s_inodes_per_group=8192
recover_EXT2: s_blocksize=4096
recover_EXT2: s_blocks_count 67108864
recover_EXT2: part_size 536870912
Filesystem created: Wed Apr 10 18:35:05 2019
Ext2 superblock found at sector 786432 (block=98304, blocksize=4096)

block_group_nr 5

recover_EXT2: "e2fsck -b 163840 -B 4096 device" may be needed
recover_EXT2: s_block_group_nr=5/2048, s_mnt_count=0/4294967295, s_blocks_per_group=32768, s_inodes_per_group=8192
recover_EXT2: s_blocksize=4096
recover_EXT2: s_blocks_count 67108864
recover_EXT2: part_size 536870912
Filesystem created: Wed Apr 10 18:35:05 2019
Ext2 superblock found at sector 1310720 (block=163840, blocksize=4096)

block_group_nr 7

recover_EXT2: "e2fsck -b 229376 -B 4096 device" may be needed
recover_EXT2: s_block_group_nr=7/2048, s_mnt_count=0/4294967295, s_blocks_per_group=32768, s_inodes_per_group=8192
recover_EXT2: s_blocksize=4096
recover_EXT2: s_blocks_count 67108864
recover_EXT2: part_size 536870912
Filesystem created: Wed Apr 10 18:35:05 2019
Ext2 superblock found at sector 1835008 (block=229376, blocksize=4096)

block_group_nr 9

recover_EXT2: "e2fsck -b 294912 -B 4096 device" may be needed
recover_EXT2: s_block_group_nr=9/2048, s_mnt_count=0/4294967295, s_blocks_per_group=32768, s_inodes_per_group=8192
recover_EXT2: s_blocksize=4096
recover_EXT2: s_blocks_count 67108864
recover_EXT2: part_size 536870912
Filesystem created: Wed Apr 10 18:35:05 2019
Ext2 superblock found at sector 2359296 (block=294912, blocksize=4096)

block_group_nr 25

recover_EXT2: "e2fsck -b 819200 -B 4096 device" may be needed
recover_EXT2: s_block_group_nr=25/2048, s_mnt_count=0/4294967295, s_blocks_per_group=32768, s_inodes_per_group=8192
recover_EXT2: s_blocksize=4096
recover_EXT2: s_blocks_count 67108864
recover_EXT2: part_size 536870912
Filesystem created: Wed Apr 10 18:35:05 2019
Ext2 superblock found at sector 6553600 (block=819200, blocksize=4096)

block_group_nr 27

recover_EXT2: "e2fsck -b 884736 -B 4096 device" may be needed
recover_EXT2: s_block_group_nr=27/2048, s_mnt_count=0/4294967295, s_blocks_per_group=32768, s_inodes_per_group=8192
recover_EXT2: s_blocksize=4096
recover_EXT2: s_blocks_count 67108864
recover_EXT2: part_size 536870912
Filesystem created: Wed Apr 10 18:35:05 2019
Ext2 superblock found at sector 7077888 (block=884736, blocksize=4096)

block_group_nr 49

recover_EXT2: "e2fsck -b 1605632 -B 4096 device" may be needed
recover_EXT2: s_block_group_nr=49/2048, s_mnt_count=0/4294967295, s_blocks_per_group=32768, s_inodes_per_group=8192
recover_EXT2: s_blocksize=4096
recover_EXT2: s_blocks_count 67108864
recover_EXT2: part_size 536870912
Filesystem created: Wed Apr 10 18:35:05 2019
Ext2 superblock found at sector 12845056 (block=1605632, blocksize=4096)

block_group_nr 81

recover_EXT2: "e2fsck -b 2654208 -B 4096 device" may be needed
recover_EXT2: s_block_group_nr=81/2048, s_mnt_count=0/4294967295, s_blocks_per_group=32768, s_inodes_per_group=8192
recover_EXT2: s_blocksize=4096
recover_EXT2: s_blocks_count 67108864
recover_EXT2: part_size 536870912
Filesystem created: Wed Apr 10 18:35:05 2019
Ext2 superblock found at sector 21233664 (block=2654208, blocksize=4096)
  ext4                     0   0  1 33418 170 32  536870912
superblock 0, blocksize=4096 []
superblock 32768, blocksize=4096 []
superblock 98304, blocksize=4096 []
superblock 163840, blocksize=4096 []
superblock 229376, blocksize=4096 []
superblock 294912, blocksize=4096 []
superblock 819200, blocksize=4096 []
superblock 884736, blocksize=4096 []
superblock 1605632, blocksize=4096 []
superblock 2654208, blocksize=4096 []

To repair the filesystem using alternate superblock, run
fsck.ext4 -p -b superblock -B blocksize device


dir_partition inode=2
   P ext4                     0   0  1 33418 170 32  536870912
     ext4 blocksize=4096 Large_file Sparse_SB Recover, 274 GB / 256 GiB
Directory /
       2 drwxr-xr-x     0      0      4096 27-Dec-2020 14:02 .
       2 drwxr-xr-x     0      0      4096 27-Dec-2020 14:02 ..
      11 drwx------     0      0     16384 10-Apr-2019 18:35 lost+found
      12 -rw-------     0      0 4294971392 27-Dec-2020 14:02 file
Partition table type (auto): None
Disk /dev/sdb - 274 GB / 256 GiB - Msft Virtual Disk
Partition table type: None

Interface Advanced

recover_EXT2: s_block_group_nr=0/2048, s_mnt_count=25/4294967295, s_blocks_per_group=32768, s_inodes_per_group=8192
recover_EXT2: s_blocksize=4096
recover_EXT2: s_blocks_count 67108864
recover_EXT2: part_size 536870912
Filesystem created: Wed Apr 10 18:35:05 2019
Last mount time:    Sun Dec 27 14:02:21 2020
   P ext4                     0   0  1 33418 170 32  536870912
     ext4 blocksize=4096 Large_file Sparse_SB Recover, 274 GB / 256 GiB


dir_partition inode=2
   P ext4                     0   0  1 33418 170 32  536870912
     ext4 blocksize=4096 Large_file Sparse_SB Recover, 274 GB / 256 GiB
Directory /
       2 drwxr-xr-x     0      0      4096 27-Dec-2020 14:02 .
       2 drwxr-xr-x     0      0      4096 27-Dec-2020 14:02 ..
      11 drwx------     0      0     16384 10-Apr-2019 18:35 lost+found
      12 lrwxrwxrwx     0      0         7  4-Aug-2020 23:39 bin
    8193 drwxr-xr-x     0      0      4096  4-Aug-2020 23:47 boot
    8194 drwxr-xr-x     0      0      4096  4-Aug-2020 23:42 dev
   16385 drwxr-xr-x     0      0      4096 27-Dec-2020 16:28 etc
   16386 drwxr-xr-x     0      0      4096 15-Dec-2020 11:22 home
    1558 lrwxrwxrwx     0      0         7  4-Aug-2020 23:39 lib
    1559 lrwxrwxrwx     0      0         9  4-Aug-2020 23:39 lib32
    1560 lrwxrwxrwx     0      0         9  4-Aug-2020 23:39 lib64
    1561 lrwxrwxrwx     0      0        10  4-Aug-2020 23:39 libx32
   24577 drwxr-xr-x     0      0      4096  4-Aug-2020 23:39 media
   24578 drwxr-xr-x     0      0      4096 15-Dec-2020 11:21 mnt
   32769 drwxr-xr-x     0      0      4096  4-Aug-2020 23:39 opt
   32770 drwxr-xr-x     0      0      4096 15-Apr-2020 13:09 proc
   40961 drwx------     0      0      4096 17-Dec-2020 09:48 root
   40962 drwxr-xr-x     0      0      4096  4-Aug-2020 23:42 run
    1564 lrwxrwxrwx     0      0         8  4-Aug-2020 23:39 sbin
   49153 drwxr-xr-x     0      0      4096 10-Jul-2020 15:59 snap
   49154 drwxr-xr-x     0      0      4096  4-Aug-2020 23:39 srv
   57345 drwxr-xr-x     0      0      4096 15-Apr-2020 13:09 sys
   57346 drwxrwxrwt     0      0     20480 27-Dec-2020 16:28 tmp
   65537 drwxr-xr-x     0      0      4096  4-Aug-2020 23:40 usr
   40963 drwxr-xr-x     0      0      4096  4-Aug-2020 23:42 var
   37018 -rw-r--r--     0      0         0 17-Dec-2020 09:52 etc.wsl.conf
   40092 -rwxr-xr-x     0      0         0 27-Dec-2020 14:02 init
X  47714 drwxr-xr-x  1000   1000      4096 27-Dec-2020 15:40 crossdistrolaGNah

dir_partition inode=11
   P ext4                     0   0  1 33418 170 32  536870912
     ext4 blocksize=4096 Large_file Sparse_SB Recover, 274 GB / 256 GiB
Directory /lost+found
      11 drwx------     0      0     16384 10-Apr-2019 18:35 .
       2 drwxr-xr-x     0      0      4096 27-Dec-2020 14:02 ..
Directory /
       2 drwxr-xr-x     0      0      4096 27-Dec-2020 14:02 .
       2 drwxr-xr-x     0      0      4096 27-Dec-2020 14:02 ..
      11 drwx------     0      0     16384 10-Apr-2019 18:35 lost+found
      12 lrwxrwxrwx     0      0         7  4-Aug-2020 23:39 bin
    8193 drwxr-xr-x     0      0      4096  4-Aug-2020 23:47 boot
    8194 drwxr-xr-x     0      0      4096  4-Aug-2020 23:42 dev
   16385 drwxr-xr-x     0      0      4096 27-Dec-2020 16:28 etc
   16386 drwxr-xr-x     0      0      4096 15-Dec-2020 11:22 home
    1558 lrwxrwxrwx     0      0         7  4-Aug-2020 23:39 lib
    1559 lrwxrwxrwx     0      0         9  4-Aug-2020 23:39 lib32
    1560 lrwxrwxrwx     0      0         9  4-Aug-2020 23:39 lib64
    1561 lrwxrwxrwx     0      0        10  4-Aug-2020 23:39 libx32
   24577 drwxr-xr-x     0      0      4096  4-Aug-2020 23:39 media
   24578 drwxr-xr-x     0      0      4096 15-Dec-2020 11:21 mnt
   32769 drwxr-xr-x     0      0      4096  4-Aug-2020 23:39 opt
   32770 drwxr-xr-x     0      0      4096 15-Apr-2020 13:09 proc
   40961 drwx------     0      0      4096 17-Dec-2020 09:48 root
   40962 drwxr-xr-x     0      0      4096  4-Aug-2020 23:42 run
    1564 lrwxrwxrwx     0      0         8  4-Aug-2020 23:39 sbin
   49153 drwxr-xr-x     0      0      4096 10-Jul-2020 15:59 snap
   49154 drwxr-xr-x     0      0      4096  4-Aug-2020 23:39 srv
   57345 drwxr-xr-x     0      0      4096 15-Apr-2020 13:09 sys
   57346 drwxrwxrwt     0      0     20480 27-Dec-2020 16:28 tmp
   65537 drwxr-xr-x     0      0      4096  4-Aug-2020 23:40 usr
   40963 drwxr-xr-x     0      0      4096  4-Aug-2020 23:42 var
   37018 -rw-r--r--     0      0         0 17-Dec-2020 09:52 etc.wsl.conf
   40092 -rwxr-xr-x     0      0         0 27-Dec-2020 14:02 init
X  47714 drwxr-xr-x  1000   1000      4096 27-Dec-2020 15:40 crossdistrolaGNah

dir_partition inode=24578
   P ext4                     0   0  1 33418 170 32  536870912
     ext4 blocksize=4096 Large_file Sparse_SB Recover, 274 GB / 256 GiB
Directory /mnt
   24578 drwxr-xr-x     0      0      4096 15-Dec-2020 11:21 .
       2 drwxr-xr-x     0      0      4096 27-Dec-2020 14:02 ..
   40095 drwxr-xr-x     0      0      4096 15-Dec-2020 11:21 wsl
   40091 drwxrwxrwx     0      0      4096 15-Dec-2020 11:21 c

dir_partition inode=40091
   P ext4                     0   0  1 33418 170 32  536870912
     ext4 blocksize=4096 Large_file Sparse_SB Recover, 274 GB / 256 GiB
Directory /mnt/c
   40091 drwxrwxrwx     0      0      4096 15-Dec-2020 11:21 .
   24578 drwxr-xr-x     0      0      4096 15-Dec-2020 11:21 ..
Directory /mnt/c
   40091 drwxrwxrwx     0      0      4096 15-Dec-2020 11:21 .
   24578 drwxr-xr-x     0      0      4096 15-Dec-2020 11:21 ..
Directory /mnt/c
   40091 drwxrwxrwx     0      0      4096 15-Dec-2020 11:21 .
   24578 drwxr-xr-x     0      0      4096 15-Dec-2020 11:21 ..
Directory /mnt
   24578 drwxr-xr-x     0      0      4096 15-Dec-2020 11:21 .
       2 drwxr-xr-x     0      0      4096 27-Dec-2020 14:02 ..
   40095 drwxr-xr-x     0      0      4096 15-Dec-2020 11:21 wsl
   40091 drwxrwxrwx     0      0      4096 15-Dec-2020 11:21 c

dir_partition inode=40095
   P ext4                     0   0  1 33418 170 32  536870912
     ext4 blocksize=4096 Large_file Sparse_SB Recover, 274 GB / 256 GiB
Directory /mnt/wsl
   40095 drwxr-xr-x     0      0      4096 15-Dec-2020 11:21 .
   24578 drwxr-xr-x     0      0      4096 15-Dec-2020 11:21 ..
Directory /mnt
   24578 drwxr-xr-x     0      0      4096 15-Dec-2020 11:21 .
       2 drwxr-xr-x     0      0      4096 27-Dec-2020 14:02 ..
   40095 drwxr-xr-x     0      0      4096 15-Dec-2020 11:21 wsl
   40091 drwxrwxrwx     0      0      4096 15-Dec-2020 11:21 c
Directory /
       2 drwxr-xr-x     0      0      4096 27-Dec-2020 14:02 .
       2 drwxr-xr-x     0      0      4096 27-Dec-2020 14:02 ..
      11 drwx------     0      0     16384 10-Apr-2019 18:35 lost+found
      12 lrwxrwxrwx     0      0         7  4-Aug-2020 23:39 bin
    8193 drwxr-xr-x     0      0      4096  4-Aug-2020 23:47 boot
    8194 drwxr-xr-x     0      0      4096  4-Aug-2020 23:42 dev
   16385 drwxr-xr-x     0      0      4096 27-Dec-2020 16:28 etc
   16386 drwxr-xr-x     0      0      4096 15-Dec-2020 11:22 home
    1558 lrwxrwxrwx     0      0         7  4-Aug-2020 23:39 lib
    1559 lrwxrwxrwx     0      0         9  4-Aug-2020 23:39 lib32
    1560 lrwxrwxrwx     0      0         9  4-Aug-2020 23:39 lib64
    1561 lrwxrwxrwx     0      0        10  4-Aug-2020 23:39 libx32
   24577 drwxr-xr-x     0      0      4096  4-Aug-2020 23:39 media
   24578 drwxr-xr-x     0      0      4096 15-Dec-2020 11:21 mnt
   32769 drwxr-xr-x     0      0      4096  4-Aug-2020 23:39 opt
   32770 drwxr-xr-x     0      0      4096 15-Apr-2020 13:09 proc
   40961 drwx------     0      0      4096 17-Dec-2020 09:48 root
   40962 drwxr-xr-x     0      0      4096  4-Aug-2020 23:42 run
    1564 lrwxrwxrwx     0      0         8  4-Aug-2020 23:39 sbin
   49153 drwxr-xr-x     0      0      4096 10-Jul-2020 15:59 snap
   49154 drwxr-xr-x     0      0      4096  4-Aug-2020 23:39 srv
   57345 drwxr-xr-x     0      0      4096 15-Apr-2020 13:09 sys
   57346 drwxrwxrwt     0      0     20480 27-Dec-2020 16:28 tmp
   65537 drwxr-xr-x     0      0      4096  4-Aug-2020 23:40 usr
   40963 drwxr-xr-x     0      0      4096  4-Aug-2020 23:42 var
   37018 -rw-r--r--     0      0         0 17-Dec-2020 09:52 etc.wsl.conf
   40092 -rwxr-xr-x     0      0         0 27-Dec-2020 14:02 init
X  47714 drwxr-xr-x  1000   1000      4096 27-Dec-2020 15:40 crossdistrolaGNah

dir_partition inode=16386
   P ext4                     0   0  1 33418 170 32  536870912
     ext4 blocksize=4096 Large_file Sparse_SB Recover, 274 GB / 256 GiB
Directory /home
   16386 drwxr-xr-x     0      0      4096 15-Dec-2020 11:22 .
       2 drwxr-xr-x     0      0      4096 27-Dec-2020 14:02 ..
     665 drwxr-xr-x  1000   1000      4096 20-Dec-2020 22:26 bartek

dir_partition inode=665
   P ext4                     0   0  1 33418 170 32  536870912
     ext4 blocksize=4096 Large_file Sparse_SB Recover, 274 GB / 256 GiB
Directory /home/bartek
     665 drwxr-xr-x  1000   1000      4096 20-Dec-2020 22:26 .
   16386 drwxr-xr-x     0      0      4096 15-Dec-2020 11:22 ..
    1344 -rw-r--r--  1000   1000       807 15-Dec-2020 11:22 .profile
   40097 -rw-r--r--  1000   1000       220 15-Dec-2020 11:22 .bash_logout
   40100 -rw-r--r--  1000   1000      3771 15-Dec-2020 11:22 .bashrc
   40096 drwxr-xr-x  1000   1000      4096 15-Dec-2020 11:22 .landscape
   40105 -rw-r--r--  1000   1000         0 27-Dec-2020 10:56 .motd_shown
   40109 drwxr-xr-x  1000   1000      4096 15-Dec-2020 11:28 .vscode-server
   40113 -rw-r--r--  1000   1000       183 15-Dec-2020 11:28 .wget-hsts
   42597 drwxr-xr-x  1000   1000      4096 17-Dec-2020 10:28 .config
   42618 drwxr-xr-x  1000   1000      4096 15-Dec-2020 11:29 .local
   42621 -rw-r--r--  1000   1000         0 15-Dec-2020 11:31 .sudo_as_admin_successful
   10737 drwxrwxrwx  1000   1000      4096 15-Dec-2020 11:37 .cache
   10756 -rw-------  1000   1000     11005 27-Dec-2020 16:12 .bash_history
X  51564 -rw-------  1000   1000         0 23-Dec-2020 10:57 .gitconfig.lock
   47629 -rw-r--r--  1000   1000        54 16-Dec-2020 11:39 .gitconfig

dir_partition inode=42618
   P ext4                     0   0  1 33418 170 32  536870912
     ext4 blocksize=4096 Large_file Sparse_SB Recover, 274 GB / 256 GiB
Directory /home/bartek/.local
   42618 drwxr-xr-x  1000   1000      4096 15-Dec-2020 11:29 .
     665 drwxr-xr-x  1000   1000      4096 20-Dec-2020 22:26 ..
   42619 drwxr-xr-x  1000   1000      4096 20-Dec-2020 20:28 share

dir_partition inode=42619
   P ext4                     0   0  1 33418 170 32  536870912
     ext4 blocksize=4096 Large_file Sparse_SB Recover, 274 GB / 256 GiB
Directory /home/bartek/.local/share
   42619 drwxr-xr-x  1000   1000      4096 20-Dec-2020 20:28 .
   42618 drwxr-xr-x  1000   1000      4096 15-Dec-2020 11:29 ..
   42620 drwxr-xr-x  1000   1000      4096 27-Dec-2020 16:12 TabNine
   10755 drwx------  1000   1000      4096 15-Dec-2020 11:48 nano
   51239 drwxr-xr-x  1000   1000      4096 20-Dec-2020 20:28 CMakeTools
Directory /home/bartek/.local
   42618 drwxr-xr-x  1000   1000      4096 15-Dec-2020 11:29 .
     665 drwxr-xr-x  1000   1000      4096 20-Dec-2020 22:26 ..
   42619 drwxr-xr-x  1000   1000      4096 20-Dec-2020 20:28 share
Directory /home/bartek
     665 drwxr-xr-x  1000   1000      4096 20-Dec-2020 22:26 .
   16386 drwxr-xr-x     0      0      4096 15-Dec-2020 11:22 ..
    1344 -rw-r--r--  1000   1000       807 15-Dec-2020 11:22 .profile
   40097 -rw-r--r--  1000   1000       220 15-Dec-2020 11:22 .bash_logout
   40100 -rw-r--r--  1000   1000      3771 15-Dec-2020 11:22 .bashrc
   40096 drwxr-xr-x  1000   1000      4096 15-Dec-2020 11:22 .landscape
   40105 -rw-r--r--  1000   1000         0 27-Dec-2020 10:56 .motd_shown
   40109 drwxr-xr-x  1000   1000      4096 15-Dec-2020 11:28 .vscode-server
   40113 -rw-r--r--  1000   1000       183 15-Dec-2020 11:28 .wget-hsts
   42597 drwxr-xr-x  1000   1000      4096 17-Dec-2020 10:28 .config
   42618 drwxr-xr-x  1000   1000      4096 15-Dec-2020 11:29 .local
   42621 -rw-r--r--  1000   1000         0 15-Dec-2020 11:31 .sudo_as_admin_successful
   10737 drwxrwxrwx  1000   1000      4096 15-Dec-2020 11:37 .cache
   10756 -rw-------  1000   1000     11005 27-Dec-2020 16:12 .bash_history
X  51564 -rw-------  1000   1000         0 23-Dec-2020 10:57 .gitconfig.lock
   47629 -rw-r--r--  1000   1000        54 16-Dec-2020 11:39 .gitconfig
Directory /home/bartek
     665 drwxr-xr-x  1000   1000      4096 20-Dec-2020 22:26 .
   16386 drwxr-xr-x     0      0      4096 15-Dec-2020 11:22 ..
    1344 -rw-r--r--  1000   1000       807 15-Dec-2020 11:22 .profile
   40097 -rw-r--r--  1000   1000       220 15-Dec-2020 11:22 .bash_logout
   40100 -rw-r--r--  1000   1000      3771 15-Dec-2020 11:22 .bashrc
   40096 drwxr-xr-x  1000   1000      4096 15-Dec-2020 11:22 .landscape
   40105 -rw-r--r--  1000   1000         0 27-Dec-2020 10:56 .motd_shown
   40109 drwxr-xr-x  1000   1000      4096 15-Dec-2020 11:28 .vscode-server
   40113 -rw-r--r--  1000   1000       183 15-Dec-2020 11:28 .wget-hsts
   42597 drwxr-xr-x  1000   1000      4096 17-Dec-2020 10:28 .config
   42618 drwxr-xr-x  1000   1000      4096 15-Dec-2020 11:29 .local
   42621 -rw-r--r--  1000   1000         0 15-Dec-2020 11:31 .sudo_as_admin_successful
   10737 drwxrwxrwx  1000   1000      4096 15-Dec-2020 11:37 .cache
   10756 -rw-------  1000   1000     11005 27-Dec-2020 16:12 .bash_history
   47629 -rw-r--r--  1000   1000        54 16-Dec-2020 11:39 .gitconfig
Directory /home/bartek
     665 drwxr-xr-x  1000   1000      4096 20-Dec-2020 22:26 .
   16386 drwxr-xr-x     0      0      4096 15-Dec-2020 11:22 ..
    1344 -rw-r--r--  1000   1000       807 15-Dec-2020 11:22 .profile
   40097 -rw-r--r--  1000   1000       220 15-Dec-2020 11:22 .bash_logout
   40100 -rw-r--r--  1000   1000      3771 15-Dec-2020 11:22 .bashrc
   40096 drwxr-xr-x  1000   1000      4096 15-Dec-2020 11:22 .landscape
   40105 -rw-r--r--  1000   1000         0 27-Dec-2020 10:56 .motd_shown
   40109 drwxr-xr-x  1000   1000      4096 15-Dec-2020 11:28 .vscode-server
   40113 -rw-r--r--  1000   1000       183 15-Dec-2020 11:28 .wget-hsts
   42597 drwxr-xr-x  1000   1000      4096 17-Dec-2020 10:28 .config
   42618 drwxr-xr-x  1000   1000      4096 15-Dec-2020 11:29 .local
   42621 -rw-r--r--  1000   1000         0 15-Dec-2020 11:31 .sudo_as_admin_successful
   10737 drwxrwxrwx  1000   1000      4096 15-Dec-2020 11:37 .cache
   10756 -rw-------  1000   1000     11005 27-Dec-2020 16:12 .bash_history
X  51564 -rw-------  1000   1000         0 23-Dec-2020 10:57 .gitconfig.lock
   47629 -rw-r--r--  1000   1000        54 16-Dec-2020 11:39 .gitconfig

dir_partition inode=40109
   P ext4                     0   0  1 33418 170 32  536870912
     ext4 blocksize=4096 Large_file Sparse_SB Recover, 274 GB / 256 GiB
Directory /home/bartek/.vscode-server
   40109 drwxr-xr-x  1000   1000      4096 15-Dec-2020 11:28 .
     665 drwxr-xr-x  1000   1000      4096 20-Dec-2020 22:26 ..
   40111 drwxr-xr-x  1000   1000      4096 17-Dec-2020 10:20 bin
   41839 drwxr-xr-x  1000   1000      4096 27-Dec-2020 16:12 extensions
   41840 drwxr-xr-x  1000   1000      4096 20-Dec-2020 20:53 data

dir_partition inode=41840
   P ext4                     0   0  1 33418 170 32  536870912
     ext4 blocksize=4096 Large_file Sparse_SB Recover, 274 GB / 256 GiB
Directory /home/bartek/.vscode-server/data
   41840 drwxr-xr-x  1000   1000      4096 20-Dec-2020 20:53 .
   40109 drwxr-xr-x  1000   1000      4096 15-Dec-2020 11:28 ..
   41841 drwxr-xr-x  1000   1000      4096 15-Dec-2020 11:28 User
   41842 drwxr-xr-x  1000   1000      4096 15-Dec-2020 11:28 Machine
   41844 drwxr-xr-x  1000   1000      4096 27-Dec-2020 16:12 logs
   41847 -rw-r--r--  1000   1000        36 15-Dec-2020 11:28 machineid
   41857 drwxr-xr-x  1000   1000      4096 27-Dec-2020 16:12 CachedExtensionVSIXs
   51326 -rw-r--r--  1000   1000         2 23-Dec-2020 12:20 languagepacks.json

dir_partition inode=41841
   P ext4                     0   0  1 33418 170 32  536870912
     ext4 blocksize=4096 Large_file Sparse_SB Recover, 274 GB / 256 GiB
Directory /home/bartek/.vscode-server/data/User
   41841 drwxr-xr-x  1000   1000      4096 15-Dec-2020 11:28 .
   41840 drwxr-xr-x  1000   1000      4096 20-Dec-2020 20:53 ..
   41843 drwxr-xr-x  1000   1000      4096 15-Dec-2020 11:28 globalStorage
   41851 drwxr-xr-x  1000   1000      4096 27-Dec-2020 15:40 workspaceStorage

dir_partition inode=41843
   P ext4                     0   0  1 33418 170 32  536870912
     ext4 blocksize=4096 Large_file Sparse_SB Recover, 274 GB / 256 GiB
Directory /home/bartek/.vscode-server/data/User/globalStorage
   41843 drwxr-xr-x  1000   1000      4096 15-Dec-2020 11:28 .
   41841 drwxr-xr-x  1000   1000      4096 15-Dec-2020 11:28 ..
Directory /home/bartek/.vscode-server/data/User
   41841 drwxr-xr-x  1000   1000      4096 15-Dec-2020 11:28 .
   41840 drwxr-xr-x  1000   1000      4096 20-Dec-2020 20:53 ..
   41843 drwxr-xr-x  1000   1000      4096 15-Dec-2020 11:28 globalStorage
   41851 drwxr-xr-x  1000   1000      4096 27-Dec-2020 15:40 workspaceStorage
Directory /home/bartek/.vscode-server/data
   41840 drwxr-xr-x  1000   1000      4096 20-Dec-2020 20:53 .
   40109 drwxr-xr-x  1000   1000      4096 15-Dec-2020 11:28 ..
   41841 drwxr-xr-x  1000   1000      4096 15-Dec-2020 11:28 User
   41842 drwxr-xr-x  1000   1000      4096 15-Dec-2020 11:28 Machine
   41844 drwxr-xr-x  1000   1000      4096 27-Dec-2020 16:12 logs
   41847 -rw-r--r--  1000   1000        36 15-Dec-2020 11:28 machineid
   41857 drwxr-xr-x  1000   1000      4096 27-Dec-2020 16:12 CachedExtensionVSIXs
   51326 -rw-r--r--  1000   1000         2 23-Dec-2020 12:20 languagepacks.json
Directory /home/bartek/.vscode-server
   40109 drwxr-xr-x  1000   1000      4096 15-Dec-2020 11:28 .
     665 drwxr-xr-x  1000   1000      4096 20-Dec-2020 22:26 ..
   40111 drwxr-xr-x  1000   1000      4096 17-Dec-2020 10:20 bin
   41839 drwxr-xr-x  1000   1000      4096 27-Dec-2020 16:12 extensions
   41840 drwxr-xr-x  1000   1000      4096 20-Dec-2020 20:53 data
Directory /home/bartek
     665 drwxr-xr-x  1000   1000      4096 20-Dec-2020 22:26 .
   16386 drwxr-xr-x     0      0      4096 15-Dec-2020 11:22 ..
    1344 -rw-r--r--  1000   1000       807 15-Dec-2020 11:22 .profile
   40097 -rw-r--r--  1000   1000       220 15-Dec-2020 11:22 .bash_logout
   40100 -rw-r--r--  1000   1000      3771 15-Dec-2020 11:22 .bashrc
   40096 drwxr-xr-x  1000   1000      4096 15-Dec-2020 11:22 .landscape
   40105 -rw-r--r--  1000   1000         0 27-Dec-2020 10:56 .motd_shown
   40109 drwxr-xr-x  1000   1000      4096 15-Dec-2020 11:28 .vscode-server
   40113 -rw-r--r--  1000   1000       183 15-Dec-2020 11:28 .wget-hsts
   42597 drwxr-xr-x  1000   1000      4096 17-Dec-2020 10:28 .config
   42618 drwxr-xr-x  1000   1000      4096 15-Dec-2020 11:29 .local
   42621 -rw-r--r--  1000   1000         0 15-Dec-2020 11:31 .sudo_as_admin_successful
   10737 drwxrwxrwx  1000   1000      4096 15-Dec-2020 11:37 .cache
   10756 -rw-------  1000   1000     11005 27-Dec-2020 16:12 .bash_history
X  51564 -rw-------  1000   1000         0 23-Dec-2020 10:57 .gitconfig.lock
   47629 -rw-r--r--  1000   1000        54 16-Dec-2020 11:39 .gitconfig
Directory /home
   16386 drwxr-xr-x     0      0      4096 15-Dec-2020 11:22 .
       2 drwxr-xr-x     0      0      4096 27-Dec-2020 14:02 ..
     665 drwxr-xr-x  1000   1000      4096 20-Dec-2020 22:26 bartek
Directory /
       2 drwxr-xr-x     0      0      4096 27-Dec-2020 14:02 .
       2 drwxr-xr-x     0      0      4096 27-Dec-2020 14:02 ..
      11 drwx------     0      0     16384 10-Apr-2019 18:35 lost+found
      12 lrwxrwxrwx     0      0         7  4-Aug-2020 23:39 bin
    8193 drwxr-xr-x     0      0      4096  4-Aug-2020 23:47 boot
    8194 drwxr-xr-x     0      0      4096  4-Aug-2020 23:42 dev
   16385 drwxr-xr-x     0      0      4096 27-Dec-2020 16:28 etc
   16386 drwxr-xr-x     0      0      4096 15-Dec-2020 11:22 home
    1558 lrwxrwxrwx     0      0         7  4-Aug-2020 23:39 lib
    1559 lrwxrwxrwx     0      0         9  4-Aug-2020 23:39 lib32
    1560 lrwxrwxrwx     0      0         9  4-Aug-2020 23:39 lib64
    1561 lrwxrwxrwx     0      0        10  4-Aug-2020 23:39 libx32
   24577 drwxr-xr-x     0      0      4096  4-Aug-2020 23:39 media
   24578 drwxr-xr-x     0      0      4096 15-Dec-2020 11:21 mnt
   32769 drwxr-xr-x     0      0      4096  4-Aug-2020 23:39 opt
   32770 drwxr-xr-x     0      0      4096 15-Apr-2020 13:09 proc
   40961 drwx------     0      0      4096 17-Dec-2020 09:48 root
   40962 drwxr-xr-x     0      0      4096  4-Aug-2020 23:42 run
    1564 lrwxrwxrwx     0      0         8  4-Aug-2020 23:39 sbin
   49153 drwxr-xr-x     0      0      4096 10-Jul-2020 15:59 snap
   49154 drwxr-xr-x     0      0      4096  4-Aug-2020 23:39 srv
   57345 drwxr-xr-x     0      0      4096 15-Apr-2020 13:09 sys
   57346 drwxrwxrwt     0      0     20480 27-Dec-2020 16:28 tmp
   65537 drwxr-xr-x     0      0      4096  4-Aug-2020 23:40 usr
   40963 drwxr-xr-x     0      0      4096  4-Aug-2020 23:42 var
   37018 -rw-r--r--     0      0         0 17-Dec-2020 09:52 etc.wsl.conf
   40092 -rwxr-xr-x     0      0         0 27-Dec-2020 14:02 init
X  47714 drwxr-xr-x  1000   1000      4096 27-Dec-2020 15:40 crossdistrolaGNah

TestDisk exited normally.
